2025-10-08 19:44:06 0 [Note] Starting MariaDB 10.4.32-MariaDB source revision c4143f909528e3fab0677a28631d10389354c491 as process 14888
2025-10-08 19:44:06 0 [Note] InnoDB: Mutexes and rw_locks use Windows interlocked functions
2025-10-08 19:44:06 0 [Note] InnoDB: Uses event mutexes
2025-10-08 19:44:06 0 [Note] InnoDB: Compressed tables use zlib 1.3
2025-10-08 19:44:06 0 [Note] InnoDB: Number of pools: 1
2025-10-08 19:44:06 0 [Note] InnoDB: Using SSE2 crc32 instructions
2025-10-08 19:44:06 0 [Note] InnoDB: Initializing buffer pool, total size = 16M, instances = 1, chunk size = 16M
2025-10-08 19:44:06 0 [Note] InnoDB: Completed initialization of buffer pool
2025-10-08 19:44:06 0 [Note] InnoDB: Starting crash recovery from checkpoint LSN=300288
2025-10-08 19:44:07 0 [Note] InnoDB: 128 out of 128 rollback segments are active.
2025-10-08 19:44:07 0 [Note] InnoDB: Removed temporary tablespace data file: "ibtmp1"
2025-10-08 19:44:07 0 [Note] InnoDB: Creating shared tablespace for temporary tables
2025-10-08 19:44:07 0 [Note] InnoDB: Setting file 'C:\xampp\mysql\data\ibtmp1' size to 12 MB. Physically writing the file full; Please wait ...
2025-10-08 19:44:07 0 [Note] InnoDB: File 'C:\xampp\mysql\data\ibtmp1' size is now 12 MB.
2025-10-08 19:44:07 0 [Note] InnoDB: Waiting for purge to start
2025-10-08 19:44:07 0 [Note] InnoDB: 10.4.32 started; log sequence number 300297; transaction id 170
2025-10-08 19:44:07 0 [Note] InnoDB: Loading buffer pool(s) from C:\xampp\mysql\data\ib_buffer_pool
2025-10-08 19:44:07 0 [Note] Plugin 'FEEDBACK' is disabled.
2025-10-08 19:44:07 0 [Note] InnoDB: Buffer pool(s) load completed at 251008 19:44:07
2025-10-08 19:44:07 0 [Note] Server socket created on IP: '::'.
2025-10-09 19:42:15 0 [Note] Starting MariaDB 10.4.32-MariaDB source revision c4143f909528e3fab0677a28631d10389354c491 as process 18020
2025-10-09 19:42:15 0 [Note] mysqld.exe: Aria engine: starting recovery
recovered pages: 0% 100% (0.0 seconds); tables to flush: 1 0
 (0.0 seconds); 
2025-10-09 19:42:15 0 [Note] mysqld.exe: Aria engine: recovery done
2025-10-09 19:42:15 0 [Note] InnoDB: Mutexes and rw_locks use Windows interlocked functions
2025-10-09 19:42:15 0 [Note] InnoDB: Uses event mutexes
2025-10-09 19:42:15 0 [Note] InnoDB: Compressed tables use zlib 1.3
2025-10-09 19:42:15 0 [Note] InnoDB: Number of pools: 1
2025-10-09 19:42:15 0 [Note] InnoDB: Using SSE2 crc32 instructions
2025-10-09 19:42:15 0 [Note] InnoDB: Initializing buffer pool, total size = 16M, instances = 1, chunk size = 16M
2025-10-09 19:42:15 0 [Note] InnoDB: Completed initialization of buffer pool
2025-10-09 19:42:15 0 [Note] InnoDB: Starting crash recovery from checkpoint LSN=320736
2025-10-09 19:42:16 0 [Note] InnoDB: 128 out of 128 rollback segments are active.
2025-10-09 19:42:16 0 [Note] InnoDB: Removed temporary tablespace data file: "ibtmp1"
2025-10-09 19:42:16 0 [Note] InnoDB: Creating shared tablespace for temporary tables
2025-10-09 19:42:16 0 [Note] InnoDB: Setting file 'C:\xampp\mysql\data\ibtmp1' size to 12 MB. Physically writing the file full; Please wait ...
2025-10-09 19:42:16 0 [Note] InnoDB: File 'C:\xampp\mysql\data\ibtmp1' size is now 12 MB.
2025-10-09 19:42:16 0 [Note] InnoDB: Waiting for purge to start
2025-10-09 19:42:16 0 [Note] InnoDB: 10.4.32 started; log sequence number 320745; transaction id 231
2025-10-09 19:42:16 0 [Note] InnoDB: Loading buffer pool(s) from C:\xampp\mysql\data\ib_buffer_pool
2025-10-09 19:42:16 0 [Note] Plugin 'FEEDBACK' is disabled.
2025-10-09 19:42:16 0 [Note] InnoDB: Buffer pool(s) load completed at 251009 19:42:16
2025-10-09 19:42:16 0 [Note] Server socket created on IP: '::'.
2025-10-10 19:32:40 0 [Note] Starting MariaDB 10.4.32-MariaDB source revision c4143f909528e3fab0677a28631d10389354c491 as process 18296
2025-10-10 19:32:40 0 [Note] InnoDB: Mutexes and rw_locks use Windows interlocked functions
2025-10-10 19:32:40 0 [Note] InnoDB: Uses event mutexes
2025-10-10 19:32:40 0 [Note] InnoDB: Compressed tables use zlib 1.3
2025-10-10 19:32:40 0 [Note] InnoDB: Number of pools: 1
2025-10-10 19:32:40 0 [Note] InnoDB: Using SSE2 crc32 instructions
2025-10-10 19:32:40 0 [Note] InnoDB: Initializing buffer pool, total size = 16M, instances = 1, chunk size = 16M
2025-10-10 19:32:40 0 [Note] InnoDB: Completed initialization of buffer pool
2025-10-10 19:32:40 0 [Note] InnoDB: Starting crash recovery from checkpoint LSN=321513
2025-10-10 19:32:40 0 [Note] InnoDB: 128 out of 128 rollback segments are active.
2025-10-10 19:32:40 0 [Note] InnoDB: Removed temporary tablespace data file: "ibtmp1"
2025-10-10 19:32:40 0 [Note] InnoDB: Creating shared tablespace for temporary tables
2025-10-10 19:32:40 0 [Note] InnoDB: Setting file 'C:\xampp\mysql\data\ibtmp1' size to 12 MB. Physically writing the file full; Please wait ...
2025-10-10 19:32:40 0 [Note] InnoDB: File 'C:\xampp\mysql\data\ibtmp1' size is now 12 MB.
2025-10-10 19:32:40 0 [Note] InnoDB: Waiting for purge to start
2025-10-10 19:32:40 0 [Note] InnoDB: 10.4.32 started; log sequence number 321522; transaction id 257
2025-10-10 19:32:40 0 [Note] InnoDB: Loading buffer pool(s) from C:\xampp\mysql\data\ib_buffer_pool
2025-10-10 19:32:40 0 [Note] Plugin 'FEEDBACK' is disabled.
2025-10-10 19:32:40 0 [Note] InnoDB: Buffer pool(s) load completed at 251010 19:32:40
2025-10-10 19:32:40 0 [Note] Server socket created on IP: '::'.
2025-10-15 21:17:08 0 [Note] Starting MariaDB 10.4.32-MariaDB source revision c4143f909528e3fab0677a28631d10389354c491 as process 16312
2025-10-15 21:17:08 0 [Note] InnoDB: Mutexes and rw_locks use Windows interlocked functions
2025-10-15 21:17:08 0 [Note] InnoDB: Uses event mutexes
2025-10-15 21:17:08 0 [Note] InnoDB: Compressed tables use zlib 1.3
2025-10-15 21:17:08 0 [Note] InnoDB: Number of pools: 1
2025-10-15 21:17:08 0 [Note] InnoDB: Using SSE2 crc32 instructions
2025-10-15 21:17:08 0 [Note] InnoDB: Initializing buffer pool, total size = 16M, instances = 1, chunk size = 16M
2025-10-15 21:17:08 0 [Note] InnoDB: Completed initialization of buffer pool
2025-10-15 21:17:08 0 [Note] InnoDB: Starting crash recovery from checkpoint LSN=333778
2025-10-15 21:17:08 0 [Note] InnoDB: 128 out of 128 rollback segments are active.
2025-10-15 21:17:08 0 [Note] InnoDB: Removed temporary tablespace data file: "ibtmp1"
2025-10-15 21:17:08 0 [Note] InnoDB: Creating shared tablespace for temporary tables
2025-10-15 21:17:08 0 [Note] InnoDB: Setting file 'C:\xampp\mysql\data\ibtmp1' size to 12 MB. Physically writing the file full; Please wait ...
2025-10-15 21:17:08 0 [Note] InnoDB: File 'C:\xampp\mysql\data\ibtmp1' size is now 12 MB.
2025-10-15 21:17:08 0 [Note] InnoDB: Waiting for purge to start
2025-10-15 21:17:08 0 [Note] InnoDB: 10.4.32 started; log sequence number 333787; transaction id 310
2025-10-15 21:17:08 0 [Note] InnoDB: Loading buffer pool(s) from C:\xampp\mysql\data\ib_buffer_pool
2025-10-15 21:17:08 0 [Note] Plugin 'FEEDBACK' is disabled.
2025-10-15 21:17:08 0 [Note] InnoDB: Buffer pool(s) load completed at 251015 21:17:08
2025-10-15 21:17:08 0 [Note] Server socket created on IP: '::'.
2025-10-22 20:19:50 0 [Note] Starting MariaDB 10.4.32-MariaDB source revision c4143f909528e3fab0677a28631d10389354c491 as process 6096
2025-10-22 20:19:50 0 [Note] InnoDB: Mutexes and rw_locks use Windows interlocked functions
2025-10-22 20:19:50 0 [Note] InnoDB: Uses event mutexes
2025-10-22 20:19:50 0 [Note] InnoDB: Compressed tables use zlib 1.3
2025-10-22 20:19:50 0 [Note] InnoDB: Number of pools: 1
2025-10-22 20:19:50 0 [Note] InnoDB: Using SSE2 crc32 instructions
2025-10-22 20:19:50 0 [Note] InnoDB: Initializing buffer pool, total size = 16M, instances = 1, chunk size = 16M
2025-10-22 20:19:50 0 [Note] InnoDB: Completed initialization of buffer pool
2025-10-22 20:19:50 0 [Note] InnoDB: Starting crash recovery from checkpoint LSN=334113
2025-10-22 20:19:51 0 [Note] InnoDB: 128 out of 128 rollback segments are active.
2025-10-22 20:19:51 0 [Note] InnoDB: Removed temporary tablespace data file: "ibtmp1"
2025-10-22 20:19:51 0 [Note] InnoDB: Creating shared tablespace for temporary tables
2025-10-22 20:19:51 0 [Note] InnoDB: Setting file 'C:\xampp\mysql\data\ibtmp1' size to 12 MB. Physically writing the file full; Please wait ...
2025-10-22 20:19:51 0 [Note] InnoDB: File 'C:\xampp\mysql\data\ibtmp1' size is now 12 MB.
2025-10-22 20:19:51 0 [Note] InnoDB: Waiting for purge to start
2025-10-22 20:19:51 0 [Note] InnoDB: 10.4.32 started; log sequence number 334122; transaction id 334
2025-10-22 20:19:51 0 [Note] InnoDB: Loading buffer pool(s) from C:\xampp\mysql\data\ib_buffer_pool
2025-10-22 20:19:51 0 [Note] Plugin 'FEEDBACK' is disabled.
2025-10-22 20:19:51 0 [Note] InnoDB: Buffer pool(s) load completed at 251022 20:19:51
2025-10-22 20:19:51 0 [Note] Server socket created on IP: '::'.
